
> react-typescript-starter@0.1.0 test
> react-scripts test --coverage

Browserslist: caniuse-lite is outdated. Please run:
  npx browserslist@latest --update-db
  Why you should do it regularly: https://github.com/browserslist/browserslist#browsers-data-updating
Browserslist: caniuse-lite is outdated. Please run:
  npx browserslist@latest --update-db
  Why you should do it regularly: https://github.com/browserslist/browserslist#browsers-data-updating
Browserslist: caniuse-lite is outdated. Please run:
  npx browserslist@latest --update-db
  Why you should do it regularly: https://github.com/browserslist/browserslist#browsers-data-updating
PASS src/objects.test.ts
PASS src/arrays.test.ts
PASS src/nested.test.ts
PASS src/components/StartAttempt.test.tsx
PASS src/bad-components/ChooseTeam.test.tsx
PASS src/components/TwoDice.test.tsx
PASS src/functions.test.ts
PASS src/bad-components/DoubleHalf.test.tsx
PASS src/components/ChangeType.test.tsx
PASS src/components/Counter.test.tsx
PASS src/components/CycleHoliday.test.tsx
PASS src/components/RevealAnswer.test.tsx
PASS src/bad-components/ColoredBox.test.tsx
PASS src/bad-components/ShoveBox.test.tsx
PASS src/text.test.tsx
PASS src/App.test.tsx
--------------------|---------|----------|---------|---------|-------------------
File                | % Stmts | % Branch | % Funcs | % Lines | Uncovered Line #s 
--------------------|---------|----------|---------|---------|-------------------
All files           |   97.57 |    92.85 |   99.09 |   97.52 |                   
 src                |    97.2 |    93.42 |   98.71 |   97.14 |                   
  App.tsx           |      50 |      100 |      50 |      50 | 35                
  arrays.ts         |     100 |      100 |     100 |     100 |                   
  functions.ts      |     100 |      100 |     100 |     100 |                   
  nested.ts         |    94.8 |    88.57 |     100 |    94.8 | 202,226,265,300   
  objects.ts        |     100 |       90 |     100 |     100 | 49                
 src/bad-components |   96.15 |       50 |     100 |      96 |                   
  ChooseTeam.tsx    |    92.3 |       50 |     100 |   91.66 | 22                
  ColoredBox.tsx    |     100 |      100 |     100 |     100 |                   
  DoubleHalf.tsx    |     100 |      100 |     100 |     100 |                   
  ShoveBox.tsx      |     100 |      100 |     100 |     100 |                   
 src/components     |     100 |      100 |     100 |     100 |                   
  ChangeType.tsx    |     100 |      100 |     100 |     100 |                   
  Counter.tsx       |     100 |      100 |     100 |     100 |                   
  CycleHoliday.tsx  |     100 |      100 |     100 |     100 |                   
  RevealAnswer.tsx  |     100 |      100 |     100 |     100 |                   
  StartAttempt.tsx  |     100 |      100 |     100 |     100 |                   
  TwoDice.tsx       |     100 |      100 |     100 |     100 |                   
 src/interfaces     |       0 |        0 |       0 |       0 |                   
  answer.ts         |       0 |        0 |       0 |       0 |                   
  question.ts       |       0 |        0 |       0 |       0 |                   
--------------------|---------|----------|---------|---------|-------------------

Test Suites: 16 passed, 16 total
Tests:       111 passed, 111 total
Snapshots:   0 total
Time:        6.47 s
Ran all test suites.
